"1","ASq8","{1:""item1"",2:""item2"",3:""item3""}","[""str1"",""str2""]","{0:123}","{""age"":20,""name"":""Name1""}"
"2","A03v","{4:""item4"",5:""item5"",6:""item6""}","[""str3"",""str4""]","{1:""456""}","{""age"":30,""name"":""Name2""}"
