"Přeji hezký pátek","!@#$%^&*()_"
"úěščřžýáíé+=","Τη γλώσσα μου έδωσαν ελληνική"
