"chars"
"incremental"
"internal"
"sales"
"special_types"
