"5","2020-01-05 05:00:00","2020-02-06","5","6","row5"
"6","2020-01-06 06:00:00","2020-02-05","6","5","row6"
"7","2020-01-07 07:00:00","2020-02-04","7","4","row7"
"8","2020-01-08 08:00:00","2020-02-03","8","3","row8"
"9","2020-01-09 09:00:00","2020-02-02","9","2","row9"
