"6","2020-01-06 06:00:00","2020-02-05","6","5","row6"
"5","2020-01-05 05:00:00","2020-02-06","5","6","row5"
"4","2020-01-04 04:00:00","2020-02-07","4","7","row4"
"3","2020-01-03 03:00:00","2020-02-08","3","8","row3"
"2","2020-01-02 02:00:00","2020-02-09","2","9","row2"
